git add file1 file2

git add file1

git add .   - All Files






kunalchavan@Kunals-MacBook-Pro GitCommandPractice % git status
On branch main

No commits yet

Untracked files:
  (use "git add <file>..." to include in what will be committed)
	test.txt

nothing added to commit but untracked files present (use "git add" to track)
kunalchavan@Kunals-MacBook-Pro GitCommandPractice % touch charachters.txt
kunalchavan@Kunals-MacBook-Pro GitCommandPractice % git status
On branch main

No commits yet

Untracked files:
  (use "git add <file>..." to include in what will be committed)
	charachters.txt
	test.txt

nothing added to commit but untracked files present (use "git add" to track)

kunalchavan@Kunals-MacBook-Pro GitCommandPractice % git add test.txt
kunalchavan@Kunals-MacBook-Pro GitCommandPractice % git status
On branch main

No commits yet

Changes to be committed:
  (use "git rm --cached <file>..." to unstage)
	new file:   test.txt

Untracked files:
  (use "git add <file>..." to include in what will be committed)
	charachters.txt

kunalchavan@Kunals-MacBook-Pro GitCommandPractice % git add .
kunalchavan@Kunals-MacBook-Pro GitCommandPractice % git status
On branch main

No commits yet

Changes to be committed:
  (use "git rm --cached <file>..." to unstage)
	new file:   charachters.txt
	new file:   test.txt
